<html>
<body>
<pre>
<h1>µVision Build Log</h1>
<h2>Project:</h2>
F:\project\2018\RTOS\Test1\MDK\Test1.uvproj
Project File Date:  06/20/2018

<h2>Output:</h2>
Build target 'Test1'
compiling main.c...
compiling HM10.c...
linking...
Program Size: Code=5212 RO-data=308 RW-data=132 ZI-data=17452  
FromELF: creating hex file...
".\Test1.axf" - 0 Error(s), 0 Warning(s).
Load "F:\\project\\2018\\RTOS\\Test1\\MDK\\Test1.axf" 
Erase Done.
Programming Done.
Verify OK.
Application running ...
</pre>
</body>
</html>
g(s).
Load "F:\\project\\2018\\RTOS\\Test1\\MDK\\Test1.axf" 
Erase Done.
Programming Done.
Verify OK.
Application running ...
ication running ...
ompiling queue.c...
compiling tasks.c...
compiling port.c...
compiling heap_2.c...
linking...
.\Test1.axf: Error: L6218E: Undefined symbol Led_Toggle (referred from main.o).
Not enough information to list image symbols.
Finished: 1 information, 0 warning and 1 error messages.
".\Test1.axf" - 1 Error(s), 1 Warning(s).
Target not created
